  Encore.cpp
  LotteryGame.cpp
C:\Users\conne\source\repos\lottario_game\lottario_game\Ticket.h(26,1): error C2143: syntax error: missing ';' before '}'
  (compiling source file 'LotteryGame.cpp')
  
C:\Users\conne\source\repos\lottario_game\lottario_game\LotteryGame.cpp(60,44): warning C4244: '+=': conversion from 'double' to 'int', possible loss of data
C:\Users\conne\source\repos\lottario_game\lottario_game\LotteryGame.cpp(75,19): error C2511: 'void LotteryGame::howManyNumbersMatch(std::vector<int,std::allocator<int>>,std::vector<int,std::allocator<int>>,int,int &)': overloaded member function not found in 'LotteryGame'
      C:\Users\conne\source\repos\lottario_game\lottario_game\LotteryGame.h(9,7):
      see declaration of 'LotteryGame'
  
C:\Users\conne\source\repos\lottario_game\lottario_game\LotteryGame.cpp(98,9): error C2065: 'matches': undeclared identifier
C:\Users\conne\source\repos\lottario_game\lottario_game\LotteryGame.cpp(101,16): error C2065: 'matches': undeclared identifier
C:\Users\conne\source\repos\lottario_game\lottario_game\LotteryGame.cpp(104,16): error C2065: 'matches': undeclared identifier
C:\Users\conne\source\repos\lottario_game\lottario_game\LotteryGame.cpp(107,16): error C2065: 'matches': undeclared identifier
C:\Users\conne\source\repos\lottario_game\lottario_game\LotteryGame.cpp(110,16): error C2065: 'matches': undeclared identifier
C:\Users\conne\source\repos\lottario_game\lottario_game\LotteryGame.cpp(113,16): error C2065: 'matches': undeclared identifier
C:\Users\conne\source\repos\lottario_game\lottario_game\LotteryGame.cpp(116,16): error C2065: 'matches': undeclared identifier
C:\Users\conne\source\repos\lottario_game\lottario_game\LotteryGame.cpp(119,16): error C2065: 'matches': undeclared identifier
C:\Users\conne\source\repos\lottario_game\lottario_game\LotteryGame.cpp(123,33): error C3861: 'getAllLines': identifier not found
C:\Users\conne\source\repos\lottario_game\lottario_game\LotteryGame.cpp(124,18): error C2065: 'bonusMoney': undeclared identifier
C:\Users\conne\source\repos\lottario_game\lottario_game\LotteryGame.cpp(125,5): error C2143: syntax error: missing ';' before '}'
  main.cpp
C:\Users\conne\source\repos\lottario_game\lottario_game\Ticket.h(26,1): error C2143: syntax error: missing ';' before '}'
  (compiling source file 'main.cpp')
  
C:\Users\conne\source\repos\lottario_game\lottario_game\main.cpp(26,31): error C2660: 'LotteryGame::howManyNumbersMatch': function does not take 4 arguments
      C:\Users\conne\source\repos\lottario_game\lottario_game\LotteryGame.h(19,9):
      see declaration of 'LotteryGame::howManyNumbersMatch'
      C:\Users\conne\source\repos\lottario_game\lottario_game\main.cpp(26,31):
      while trying to match the argument list '(std::vector<int,std::allocator<int>>, std::vector<int,std::allocator<int>>, double, int)'
  
C:\Users\conne\source\repos\lottario_game\lottario_game\main.cpp(59,26): warning C4244: 'argument': conversion from 'double' to 'int', possible loss of data
C:\Users\conne\source\repos\lottario_game\lottario_game\main.cpp(76,59): error C2065: 'amountMadeFromMainGame': undeclared identifier
C:\Users\conne\source\repos\lottario_game\lottario_game\main.cpp(76,83): error C2065: 'amountMadeFromEncore': undeclared identifier
C:\Users\conne\source\repos\lottario_game\lottario_game\main.cpp(78,12): error C2660: 'Ticket::generateUserTicket': function does not take 0 arguments
      C:\Users\conne\source\repos\lottario_game\lottario_game\Ticket.h(24,7):
      see declaration of 'Ticket::generateUserTicket'
      C:\Users\conne\source\repos\lottario_game\lottario_game\main.cpp(78,12):
      while trying to match the argument list '()'
  
  Ticket.cpp
C:\Users\conne\source\repos\lottario_game\lottario_game\Ticket.h(26,1): error C2143: syntax error: missing ';' before '}'
  (compiling source file 'Ticket.cpp')
  
C:\Users\conne\source\repos\lottario_game\lottario_game\Ticket.cpp(44,21): error C2556: 'std::vector<int,std::allocator<int>> Ticket::getUserNumbers(void)': overloaded function differs only by return type from 'std::vector<std::vector<int,std::allocator<int>>,std::allocator<std::vector<int,std::allocator<int>>>> Ticket::getUserNumbers(void)'
      C:\Users\conne\source\repos\lottario_game\lottario_game\Ticket.h(19,22):
      see declaration of 'Ticket::getUserNumbers'
  
C:\Users\conne\source\repos\lottario_game\lottario_game\Ticket.cpp(44,21): error C2371: 'Ticket::getUserNumbers': redefinition; different basic types
      C:\Users\conne\source\repos\lottario_game\lottario_game\Ticket.h(19,22):
      see declaration of 'Ticket::getUserNumbers'
  
C:\Users\conne\source\repos\lottario_game\lottario_game\Ticket.cpp(75,14): error C2511: 'void Ticket::createResultsFile(std::vector<int,std::allocator<int>>,std::vector<int,std::allocator<int>>,int,int)': overloaded member function not found in 'Ticket'
      C:\Users\conne\source\repos\lottario_game\lottario_game\Ticket.h(10,7):
      see declaration of 'Ticket'
  
C:\Users\conne\source\repos\lottario_game\lottario_game\Ticket.cpp(77,19): error C2352: 'Ticket::getCurrentTimestamp': a call of a non-static member function requires an object
      C:\Users\conne\source\repos\lottario_game\lottario_game\Ticket.cpp(54,16):
      see declaration of 'Ticket::getCurrentTimestamp'
  
  Generating Code...
